period,scenario,subperiod,Vermelho - Sistema,Verde - Sistema,Amarelo - Sistema,Azul - Sistema,Roxo - Sistema
1,1,1,0.0,1800.0001220703125,0.0,2400.0,2700.0
