period,scenario,subscenario,subperiod,Bidding Group 1 - Bus 1,Bidding Group 2 - Bus 1,Bidding Group 3 - Bus 1
1,1,1,1,3283.199999856947,0.0,0.0
1,1,1,2,5104.999999776482,2552.499999888241,0.0
1,1,2,1,3283.199999856947,0.0,0.0
1,1,2,2,6506.500341095034,6506.500341095034,1301.3000197418023
1,1,3,1,5104.999999776482,2552.499999888241,0.0
1,1,3,2,5104.999999776482,2552.499999888241,0.0
1,1,4,1,5104.999999776482,2552.499999888241,0.0
1,1,4,2,6506.500341095034,6506.500341095034,1301.3000197418023
