period,scenario,subperiod,hydro,thermal,renewable,battery_unit,deficit
1,1,1,0.0,0.115,0.0,0.0,0.0
1,1,2,0.0,0.185,0.0,0.0,0.0
