period,scenario,subscenario,virtual_reservoir_1 - asset_owner_1,virtual_reservoir_1 - asset_owner_2
1,1,1,2.76,11.04
1,2,1,3.24,12.96
2,1,1,0.72,2.880001
2,2,1,1.68,6.720001
3,1,1,0.0,0.0
3,2,1,3.12,12.480001
