period,Azul,Vermelho,Verde
1,30.0,45.0,13.5
2,30.0,45.0,13.5
3,30.0,45.0,13.5
4,30.0,45.0,13.5
5,30.0,45.0,13.5
6,30.0,45.0,13.5
7,30.0,45.0,13.5
8,30.0,45.0,13.5
9,30.0,45.0,13.5
10,30.0,45.0,13.5
