version = 1
dimensions = ["period", "scenario", "subscenario", "subperiod", "bid_segment"]
dimension_size = [1, 1, 4, 1, 2]
initial_date = "2025-01-01 00:00:00"
time_dimension = "period"
frequency = "monthly"
unit = "MWh"
labels = ["Azul - Sistema", "Vermelho - Sistema", "Verde - Sistema"]
