period,scenario,subscenario,subperiod,Renovavel 1,Renovavel 2,Renovavel 3
1,1,1,1,0.0,0.06,0.033846
1,1,2,1,0.0,0.004615,0.0
1,1,3,1,0.0,0.0,0.0
1,1,4,1,0.0,0.0,0.0
