period,scenario,subscenario,subperiod,Bidding Group 1 - Bus 1,Bidding Group 2 - Bus 1,Bidding Group 3 - Bus 1
1,1,1,1,4399.999901652336,0.0,0.0
1,1,2,1,6200.000092387199,3100.0000461935997,0.0
1,1,3,1,7000.000104308128,7000.000104308128,1399.9999687075615
