period,scenario,virtual_reservoir_1
1,1,491.198334
1,2,368.398743
2,1,491.198334
2,2,245.599167
3,1,499.9
3,2,499.9
