period,scenario,subscenario,subperiod,hyd_1
1,1,1,1,0.0432
1,1,1,2,0.0378
1,2,1,1,0.0432
1,2,1,2,0.036
1,3,1,1,0.0432
1,3,1,2,0.036
1,4,1,1,0.0432
1,4,1,2,0.036
2,1,1,1,0.0432
2,1,1,2,0.0378
2,2,1,1,0.0468
2,2,1,2,0.0396
2,3,1,1,0.0504
2,3,1,2,0.0432
2,4,1,1,0.054
2,4,1,2,0.0468
3,1,1,1,0.0432
3,1,1,2,0.0378
3,2,1,1,0.0504
3,2,1,2,0.0432
3,3,1,1,0.0576
3,3,1,2,0.0504
3,4,1,1,0.0648
3,4,1,2,0.0576
