period,scenario,subperiod,hyd_1
1,1,1,0.013006
1,1,2,0.008733
1,2,1,0.028978
1,2,2,0.023396
1,3,1,0.042963
1,3,2,0.034085
1,4,1,0.060527
1,4,2,0.051934
2,1,1,0.010138
2,1,2,0.011544
2,2,1,0.018513
2,2,2,0.01363
2,3,1,0.027198
2,3,2,0.019184
2,4,1,0.040508
2,4,2,0.029082
3,1,1,0.008804
3,1,2,0.006064
3,2,1,0.007062
3,2,2,0.0
3,3,1,0.014377
3,3,2,0.003926
3,4,1,0.016956
3,4,2,0.00483
