period,scenario,subperiod,bus_1,bus_2
1,1,1,0.357029,0.357029
1,1,2,0.357029,0.357029
1,2,1,0.319283,0.319283
1,2,2,0.319283,0.319283
1,3,1,0.029309,0.029309
1,3,2,0.029309,0.029309
1,4,1,0.5,0.5
1,4,2,0.5,0.5
2,1,1,0.120677,0.120677
2,1,2,0.120677,0.120677
2,2,1,0.361551,0.361551
2,2,2,0.361551,0.361551
2,3,1,0.001,0.001
2,3,2,0.001,0.001
2,4,1,0.5,0.5
2,4,2,0.5,0.5
3,1,1,0.001,-0.0
3,1,2,0.001,-0.0
3,2,1,0.5,0.5
3,2,2,0.5,0.5
3,3,1,0.001,-0.0
3,3,2,0.001,0.001
3,4,1,0.5,0.5
3,4,2,0.5,0.5
