period,scenario,subscenario,subperiod,bus_1,bus_2
1,1,1,1,0.502,0.5
1,1,1,2,0.502,0.5
1,2,1,1,0.702,0.7
1,2,1,2,0.702,0.7
1,3,1,1,0.902,0.9
1,3,1,2,0.902,0.9
1,4,1,1,500.0,500.0
1,4,1,2,500.0,500.0
2,1,1,1,0.702,0.7
2,1,1,2,0.702,0.7
2,2,1,1,0.902,0.9
2,2,1,2,0.902,0.9
2,3,1,1,1.102,1.1
2,3,1,2,1.102,1.1
2,4,1,1,500.0,500.0
2,4,1,2,500.0,500.0
3,1,1,1,0.902,0.9
3,1,1,2,0.902,0.9
3,2,1,1,1.102,1.1
3,2,1,2,1.102,1.1
3,3,1,1,1.302,1.3
3,3,1,2,1.302,1.3
3,4,1,1,500.0,500.0
3,4,1,2,500.0,500.0
