period,scenario,subperiod,hyd_1
1,1,1,0.0432
1,1,2,0.0432
1,2,1,0.0432
1,2,2,0.0396
1,3,1,0.0432
1,3,2,0.036
1,4,1,0.0432
1,4,2,0.036
2,1,1,0.0432
2,1,2,0.0432
2,2,1,0.036
2,2,2,0.0324
2,3,1,0.0288
2,3,2,0.0216
2,4,1,0.0288
2,4,2,0.0216
3,1,1,0.0432
3,1,2,0.0432
3,2,1,0.0288
3,2,2,0.0252
3,3,1,0.0144
3,3,2,0.0072
3,4,1,0.0144
3,4,2,0.0072
