period,scenario,subperiod,bid_segment,bidding_group_1 - bus_1
1,1,1,1,0.9
1,1,2,1,0.0
1,1,3,1,0.0
1,2,1,1,0.6
1,2,2,1,0.0
1,2,3,1,0.0
2,1,1,1,0.6
2,1,2,1,0.6
2,1,3,1,0.6
2,2,1,1,0.84375
2,2,2,1,0.84375
2,2,3,1,1.0125
3,1,1,1,0.6
3,1,2,1,0.6
3,1,3,1,0.6
3,2,1,1,0.84375
3,2,2,1,0.73125
3,2,3,1,1.125
