period,scenario,subscenario,virtual_reservoir_1
1,1,1,499.9
1,2,1,499.9
2,1,1,499.9
2,2,1,499.9
3,1,1,499.9
3,2,1,499.9
