period,scenario,subscenario,subperiod,bus_1
1,1,1,1,100.001
1,1,1,2,100.001
1,2,1,1,100.001
1,2,1,2,100.001
1,3,1,1,100.001
1,3,1,2,100.001
1,4,1,1,100.001
1,4,1,2,100.001
2,1,1,1,100.001
2,1,1,2,100.001
2,2,1,1,100.001
2,2,1,2,100.001
2,3,1,1,100.001
2,3,1,2,100.001
2,4,1,1,100.001
2,4,1,2,100.001
3,1,1,1,100.001
3,1,1,2,100.001
3,2,1,1,100.001
3,2,1,2,100.001
3,3,1,1,100.001
3,3,1,2,100.001
3,4,1,1,100.001
3,4,1,2,100.001
