period,Portfolio,Termico,Renovavel,Portfolio 2,Termico 2,Renovavel 2
1,260.0,400.0,200.0,260.0,400.0,200.0
