version = 1
dimensions = ["period", "scenario", "subscenario", "subperiod"]
dimension_size = [3, 2, 1, 4]
initial_date = "2020-01-01 00:00:00"
time_dimension = "period"
frequency = "monthly"
unit = "$"
labels = ["bg_1 - bus_1"]
