version = 1
dimensions = ["period", "scenario", "subperiod"]
dimension_size = [3, 4, 5]
initial_date = "2020-01-01 00:00:00"
time_dimension = "period"
frequency = "monthly"
unit = "GWh"
labels = ["dem_1"]
