version = 1
dimensions = ["period", "scenario", "subscenario", "subperiod", "bid_segment"]
dimension_size = [1, 1, 3, 1, 1]
initial_date = "2024-01-01 00:00:00"
time_dimension = "period"
frequency = "monthly"
unit = "GWh"
labels = ["a - Sistema", "b - Sistema", "c - Sistema", "d - Sistema", "e - Sistema"]
