period,scenario,subscenario,reservoir_1 - asset_owner_1,reservoir_1 - asset_owner_2,reservoir_1 - asset_owner_3,reservoir_1 - asset_owner_4
1,1,1,375.0,375.0,244.0,206.0
1,2,1,375.0,375.0,244.0,206.0
2,1,1,203.125,203.125,119.933333,73.816667
2,2,1,203.125,203.125,119.933333,73.816667
3,1,1,0.0,0.0,0.0,0.0
3,2,1,-0.0,-0.0,0.0,-0.0
