period,scenario,subperiod,gnd_1
1,1,1,20000.0
1,1,2,40000.0
1,2,1,20000.0
1,2,2,30000.0
1,3,1,20000.0
1,3,2,20000.0
1,4,1,10000.0
1,4,2,10000.0
2,1,1,40000.0
2,1,2,20000.0
2,2,1,30000.0
2,2,2,20000.0
2,3,1,20000.0
2,3,2,20000.0
2,4,1,10000.0
2,4,2,10000.0
3,1,1,20000.0
3,1,2,40000.0
3,2,1,20000.0
3,2,2,30000.0
3,3,1,20000.0
3,3,2,20000.0
3,4,1,10000.0
3,4,2,10000.0
