period,scenario,subscenario,subperiod,Bidding Group 1 - Bus 1,Bidding Group 2 - Bus 1,Bidding Group 3 - Bus 1
1,1,1,1,-820.8001528501541,-615.5999999731775,0.0
1,1,1,2,0.0,-1786.7499809041617,0.0
1,1,2,1,-820.8001528501541,-615.5999999731775,0.0
1,1,2,2,0.0,975.9750754028573,1301.3000197418023
1,1,3,1,0.0,1786.7499809041617,0.0
1,1,3,2,0.0,-1786.7499809041617,0.0
1,1,4,1,0.0,1786.7499809041617,0.0
1,1,4,2,0.0,975.9750754028573,1301.3000197418023
