period,scenario,subperiod,thermal_1
1,1,1,-0.0
1,1,2,5.499994
1,1,3,3.500004
1,1,4,6.0
1,2,1,1.499999
1,2,2,6.0
1,2,3,5.500002
1,2,4,6.0
2,1,1,4.999995
2,1,2,1.000006
2,1,3,4.000003
2,1,4,6.0
2,2,1,6.0
2,2,2,2.000005
2,2,3,6.0
2,2,4,6.0
3,1,1,0.5
3,1,2,6.0
3,1,3,6.0
3,1,4,4.500003
3,2,1,2.500005
3,2,2,6.0
3,2,3,6.0
3,2,4,6.0
