period,scenario,subscenario,subperiod,Demand 1
1,1,1,1,80.000001
1,1,2,1,150.0
1,1,3,1,220.000005
