period,scenario,subscenario,subperiod,Demand 1
1,1,1,1,80.000001
1,1,1,2,150.0
1,1,2,1,80.000001
1,1,2,2,220.000005
1,1,3,1,150.0
1,1,3,2,150.0
1,1,4,1,150.0
1,1,4,2,220.000005
