period,scenario,virtual_reservoir_1 - asset_owner_1,virtual_reservoir_1 - asset_owner_2
1,1,1.8310547238797882e-5,7.324218895519153e-5
1,2,1.8310547238797882e-5,7.324218895519153e-5
2,1,-0.0024536133025321763,-0.009814453210128705
2,2,-0.0024536133025321763,-0.009814453210128705
3,1,-0.002336707950598793,-0.009346831802395173
3,2,0.0,0.0
