version = 1
dimensions = ["period", "scenario", "bid_segment"]
dimension_size = [3, 2, 4]
initial_date = "2020-01-01 00:00:00"
time_dimension = "period"
frequency = "monthly"
unit = "$/MWh"
labels = ["reservoir_1 - asset_owner_1", "reservoir_1 - asset_owner_2"]
