period,scenario,subperiod,Amarelo - Sistema,Vermelho - Sistema,Roxo - Sistema,Verde - Sistema,Azul - Sistema
1,1,1,2700.0,2250.0,0.0,0.0,0.0
1,1,2,4500.0,4500.0,4500.0,750.0,0.0
