stage,scenario,block,hyd_1,hyd_2
1,1,1,0.0432,0.0
1,1,2,0.04104,0.0
1,2,1,0.0432,0.0
1,2,2,0.0414,0.0
1,3,1,0.0432,0.0
1,3,2,0.04176,0.0
1,4,1,0.0432,0.0
1,4,2,0.04212,0.0
2,1,1,0.03888,0.0
2,1,2,0.03672,0.0
2,2,1,0.0396,0.0
2,2,2,0.0378,0.0
2,3,1,0.04032,0.0
2,3,2,0.03888,0.0
2,4,1,0.04104,0.0
2,4,2,0.03996,0.0
3,1,1,0.03456,0.0
3,1,2,0.0324,0.0
3,2,1,0.036,0.0
3,2,2,0.0342,0.0
3,3,1,0.03744,0.0
3,3,2,0.036,0.0
3,4,1,0.03888,0.0
3,4,2,0.0378,0.0
