period,scenario,subscenario,reservoir_1 - asset_owner_1,reservoir_1 - asset_owner_2,reservoir_1 - asset_owner_3,reservoir_1 - asset_owner_4
1,1,1,8.08454983984375e7,8.08454983984375e7,5.68388016015625e7,7.54702016015625e7
1,2,1,8.08454983984375e7,8.08454983984375e7,5.68388016015625e7,7.54702016015625e7
2,1,1,8.421631319921875e7,8.421631319921875e7,6.079388480078125e7,6.477348880078125e7
2,2,1,8.421631319921875e7,8.421631319921875e7,6.079388480078125e7,6.477348880078125e7
3,1,1,0.0,0.0,0.0,0.0
3,2,1,9.953124920000005e7,9.953124920000005e7,5.876733280000001e7,3.617016880000001e7
