period,scenario,subperiod,dem_2
1,1,1,0.0
1,1,2,1.499996
1,2,1,0.0
1,2,2,0.999997
1,3,1,0.0
1,3,2,0.0
1,4,1,0.0
1,4,2,0.0
2,1,1,0.0
2,1,2,1.5
2,2,1,0.0
2,2,2,1.0
2,3,1,0.0
2,3,2,0.0
2,4,1,0.0
2,4,2,0.0
3,1,1,7.0e-6
3,1,2,1.5
3,2,1,0.0
3,2,2,1.0
3,3,1,0.0
3,3,2,0.0
3,4,1,0.0
3,4,2,0.0
