stage,scenario,block,hyd_1
1,1,1,1.3
1,1,2,1.3
1,2,1,1.3
1,2,2,1.3
1,3,1,125.6625
1,3,2,125.6625
1,4,1,125.6625
1,4,2,125.6625
2,1,1,0.575
2,1,2,0.575
2,2,1,1.0
2,2,2,1.0
2,3,1,250.575
2,3,2,250.575
2,4,1,250.575
2,4,2,250.575
3,1,1,0.3
3,1,2,0.3
3,2,1,1.0
3,2,2,1.0
3,3,1,500.0
3,3,2,500.0
3,4,1,500.0
3,4,2,500.0
