version = 1
dimensions = ["period", "scenario"]
dimension_size = [5, 2]
initial_date = "2024-01-01 00:00:00"
time_dimension = "period"
frequency = "monthly"
unit = "GWh"
labels = ["VR 1 - AO 1", "VR 1 - AO 2", "VR 2 - AO 1", "VR 2 - AO 2"]
